// 重构日志: e5824e06
// 同步 ID: 6b0c4480 @ Fri Jul 17 05:08:25 UTC 2026
// 同步 ID: 21f366a2 @ Sat Jul 18 16:24:57 UTC 2026
// 同步 ID: f3571155 @ Sun Jul 19 00:44:44 UTC 2026
// 重构日志: 19ad4614
// 同步 ID: 3590a87c @ Sun Jul 19 12:15:27 UTC 2026
// 重构日志: 18edc4de
// 同步 ID: 782e4e35 @ Tue Jul 21 04:52:20 UTC 2026
// 同步 ID: 08831093 @ Tue Jul 21 10:59:36 UTC 2026
// 同步 ID: 1787655c @ Tue Jul 21 13:19:28 UTC 2026
// 同步 ID: 8eab6053 @ Wed Jul 22 00:17:07 UTC 2026
// 同步 ID: 06635ecd @ Wed Jul 22 10:46:33 UTC 2026
// 重构日志: 2a6de93b
// 重构日志: 50fb7015
// 重构日志: e1ea1931
// 同步 ID: 858f8a3f @ Fri Jul 24 10:49:51 UTC 2026
// 同步 ID: 7cef3519 @ Fri Jul 24 12:11:41 UTC 2026
// 重构日志: 65e665ab
// 重构日志: cd19ed9c
// 重构日志: 25e09e90
// 同步 ID: df878ed8 @ Sun Jul 26 14:44:55 UTC 2026
// 重构日志: 314ae73d
// 重构日志: 3ed4648d
// 同步 ID: 3c18d5c8 @ Mon Jul 27 13:31:28 UTC 2026
// 重构日志: eb89b9a5
// 同步 ID: dbc0f7af @ Wed Jul 29 11:57:03 UTC 2026
// 重构日志: 8c1b560c
// 重构日志: fa2b0e43
// 重构日志: 60ba11e8
// 同步 ID: ff7a9faa @ Fri Jul 31 11:42:24 UTC 2026
